PS C:\Desenvolvimento\Github-Nelson\ibm-nlp-dataloader> python .\nlp-dataloader.py
0.17.2+cpu
["Fame's a fickle friend, Harry.", 'Youth can not know how age thinks and feels. But old men are guilty if they forget what it was to be young.']
['You are awesome!', 'Soon we must all face the choice between what is right and what is easy.']
['It is our choices, Harry, that show what we truly are, far more than our abilities.', "If you want to know what a man's like, take a good look at how he treats his inferiors, not his equals."]
PS C:\Desenvolvimento\Github-Nelson\ibm-nlp-dataloader> python .\nlp-dataloader.py
0.17.2+cpu
Custom Dataset Length: 6
Sample Items:
Item 1: tensor([11, 19, 63, 17, 13,  2,  3, 47,  6, 16, 45,  0, 55,  3, 41, 46, 24, 10,
        43, 61,  9, 44,  0, 14,  9, 33,  1])
Item 2: tensor([35,  6, 16,  3, 38, 40,  0,  8,  1])
Item 3: tensor([12,  5, 15, 31,  0,  8,  0, 57, 53,  2, 18, 62,  4,  0, 36, 49, 56, 15,
        21,  1])
Item 4: tensor([54, 18, 50, 23, 34, 58, 30, 27,  2,  5, 52,  7,  2,  5, 32,  1])
Item 5: tensor([66, 29, 14, 13, 10, 22, 60,  7, 37,  1, 28, 51, 48,  4, 42, 11, 59, 39,
         2, 12, 64, 17, 26, 65,  1])
Item 6: tensor([19,  4, 25, 20])
Traceback (most recent call last):
  File "C:\Desenvolvimento\Github-Nelson\ibm-nlp-dataloader\nlp-dataloader.py", line 132, in <module>
    for batch in dataloader:
                 ^^^^^^^^^^
NameError: name 'dataloader' is not defined. Did you mean: 'DataLoader'?
PS C:\Desenvolvimento\Github-Nelson\ibm-nlp-dataloader> python .\nlp-dataloader.py
0.17.2+cpu
Custom Dataset Length: 6
Sample Items:
Item 1: tensor([11, 19, 63, 17, 13,  2,  3, 47,  6, 16, 45,  0, 55,  3, 41, 46, 24, 10,
        43, 61,  9, 44,  0, 14,  9, 33,  1])
Item 2: tensor([35,  6, 16,  3, 38, 40,  0,  8,  1])
Item 3: tensor([12,  5, 15, 31,  0,  8,  0, 57, 53,  2, 18, 62,  4,  0, 36, 49, 56, 15,
        21,  1])
Item 4: tensor([54, 18, 50, 23, 34, 58, 30, 27,  2,  5, 52,  7,  2,  5, 32,  1])
Item 5: tensor([66, 29, 14, 13, 10, 22, 60,  7, 37,  1, 28, 51, 48,  4, 42, 11, 59, 39,
         2, 12, 64, 17, 26, 65,  1])
Item 6: tensor([19,  4, 25, 20])
Traceback (most recent call last):
  File "C:\Desenvolvimento\Github-Nelson\ibm-nlp-dataloader\nlp-dataloader.py", line 132, in <module>
    for batch in dataloader:
                 ^^^^^^^^^^
  File "C:\Desenvolvimento\Github-Nelson\ibm-nlp-dataloader\.venv\Lib\site-packages\torch\utils\data\dataloader.py", line 631, in __next__
    data = self._next_data()
           ^^^^^^^^^^^^^^^^^
  File "C:\Desenvolvimento\Github-Nelson\ibm-nlp-dataloader\.venv\Lib\site-packages\torch\utils\data\dataloader.py", line 675, in _next_data
    data = self._dataset_fetcher.fetch(index)  # may raise StopIteration
           ^^^^^^^^^^^^^^^^^^^^^^^^^^^^^^^^^^
  File "C:\Desenvolvimento\Github-Nelson\ibm-nlp-dataloader\.venv\Lib\site-packages\torch\utils\data\_utils\fetch.py", line 54, in fetch
    return self.collate_fn(data)
           ^^^^^^^^^^^^^^^^^^^^^
  File "C:\Desenvolvimento\Github-Nelson\ibm-nlp-dataloader\.venv\Lib\site-packages\torch\utils\data\_utils\collate.py", line 277, in default_collate
    return collate(batch, collate_fn_map=default_collate_fn_map)
           ^^^^^^^^^^^^^^^^^^^^^^^^^^^^^^^^^^^^^^^^^^^^^^^^^^^^^
  File "C:\Desenvolvimento\Github-Nelson\ibm-nlp-dataloader\.venv\Lib\site-packages\torch\utils\data\_utils\collate.py", line 121, in collate
    return collate_fn_map[elem_type](batch, collate_fn_map=collate_fn_map)
           ^^^^^^^^^^^^^^^^^^^^^^^^^^^^^^^^^^^^^^^^^^^^^^^^^^^^^^^^^^^^^^^
  File "C:\Desenvolvimento\Github-Nelson\ibm-nlp-dataloader\.venv\Lib\site-packages\torch\utils\data\_utils\collate.py", line 174, in collate_tensor_fn
    return torch.stack(batch, 0, out=out)
           ^^^^^^^^^^^^^^^^^^^^^^^^^^^^^^
RuntimeError: stack expects each tensor to be equal size, but got [25] at entry 0 and [20] at entry 1
PS C:\Desenvolvimento\Github-Nelson\ibm-nlp-dataloader> python .\nlp-dataloader.py
0.17.2+cpu
Custom Dataset Length: 6
Sample Items:
Item 1: tensor([11, 19, 63, 17, 13,  2,  3, 47,  6, 16, 45,  0, 55,  3, 41, 46, 24, 10,
        43, 61,  9, 44,  0, 14,  9, 33,  1])
Item 2: tensor([35,  6, 16,  3, 38, 40,  0,  8,  1])
Item 3: tensor([12,  5, 15, 31,  0,  8,  0, 57, 53,  2, 18, 62,  4,  0, 36, 49, 56, 15,
        21,  1])
Item 4: tensor([54, 18, 50, 23, 34, 58, 30, 27,  2,  5, 52,  7,  2,  5, 32,  1])
Item 5: tensor([66, 29, 14, 13, 10, 22, 60,  7, 37,  1, 28, 51, 48,  4, 42, 11, 59, 39,
         2, 12, 64, 17, 26, 65,  1])
Item 6: tensor([19,  4, 25, 20])
tensor([[11, 19, 63, 17, 13,  2,  3, 47,  6, 16, 45,  0, 55,  3, 41, 46, 24, 10,
         43, 61,  9, 44,  0, 14,  9, 33,  1],
        [35,  6, 16,  3, 38, 40,  0,  8,  1,  0,  0,  0,  0,  0,  0,  0,  0,  0,
          0,  0,  0,  0,  0,  0,  0,  0,  0]])
['if', 'you', 'want', 'to', 'know', 'what', 'a', 'man', "'", 's', 'like', ',', 'take', 'a', 'good', 'look', 'at', 'how', 'he', 'treats', 'his', 'inferiors', ',', 'not', 'his', 'equals', '.']
['fame', "'", 's', 'a', 'fickle', 'friend', ',', 'harry', '.', ',', ',', ',', ',', ',', ',', ',', ',', ',', ',', ',', ',', ',', ',', ',', ',', ',', ',']
tensor([[12,  5, 15, 31,  0,  8,  0, 57, 53,  2, 18, 62,  4,  0, 36, 49, 56, 15,
         21,  1],
        [54, 18, 50, 23, 34, 58, 30, 27,  2,  5, 52,  7,  2,  5, 32,  1,  0,  0,
          0,  0]])
['it', 'is', 'our', 'choices', ',', 'harry', ',', 'that', 'show', 'what', 'we', 'truly', 'are', ',', 'far', 'more', 'than', 'our', 'abilities', '.']
['soon', 'we', 'must', 'all', 'face', 'the', 'choice', 'between', 'what', 'is', 'right', 'and', 'what', 'is', 'easy', '.', ',', ',', ',', ',']
tensor([[66, 29, 14, 13, 10, 22, 60,  7, 37,  1, 28, 51, 48,  4, 42, 11, 59, 39,
          2, 12, 64, 17, 26, 65,  1],
        [19,  4, 25, 20,  0,  0,  0,  0,  0,  0,  0,  0,  0,  0,  0,  0,  0,  0,
          0,  0,  0,  0,  0,  0,  0]])
['youth', 'can', 'not', 'know', 'how', 'age', 'thinks', 'and', 'feels', '.', 'but', 'old', 'men', 'are', 'guilty', 'if', 'they', 'forget', 'what', 'it', 'was', 'to', 'be', 'young', '.']
['you', 'are', 'awesome', '!', ',', ',', ',', ',', ',', ',', ',', ',', ',', ',', ',', ',', ',', ',', ',', ',', ',', ',', ',', ',', ',']
PS C:\Desenvolvimento\Github-Nelson\ibm-nlp-dataloader> 
PS C:\Desenvolvimento\Github-Nelson\ibm-nlp-dataloader> 
PS C:\Desenvolvimento\Github-Nelson\ibm-nlp-dataloader> 
PS C:\Desenvolvimento\Github-Nelson\ibm-nlp-dataloader> 
PS C:\Desenvolvimento\Github-Nelson\ibm-nlp-dataloader> 
PS C:\Desenvolvimento\Github-Nelson\ibm-nlp-dataloader> python .\nlp-dataloader.py
0.17.2+cpu
Custom Dataset Length: 6
Sample Items:
Item 1: tensor([11, 19, 63, 17, 13,  2,  3, 47,  6, 16, 45,  0, 55,  3, 41, 46, 24, 10,
        43, 61,  9, 44,  0, 14,  9, 33,  1])
Item 2: tensor([35,  6, 16,  3, 38, 40,  0,  8,  1])
Item 3: tensor([12,  5, 15, 31,  0,  8,  0, 57, 53,  2, 18, 62,  4,  0, 36, 49, 56, 15,
        21,  1])
Item 4: tensor([54, 18, 50, 23, 34, 58, 30, 27,  2,  5, 52,  7,  2,  5, 32,  1])
Item 5: tensor([66, 29, 14, 13, 10, 22, 60,  7, 37,  1, 28, 51, 48,  4, 42, 11, 59, 39,
         2, 12, 64, 17, 26, 65,  1])
Item 6: tensor([19,  4, 25, 20])
tensor([[11, 19, 63, 17, 13,  2,  3, 47,  6, 16, 45,  0, 55,  3, 41, 46, 24, 10,
         43, 61,  9, 44,  0, 14,  9, 33,  1],
        [35,  6, 16,  3, 38, 40,  0,  8,  1,  0,  0,  0,  0,  0,  0,  0,  0,  0,
          0,  0,  0,  0,  0,  0,  0,  0,  0]])
Length of sequences in the batch: 27
['if', 'you', 'want', 'to', 'know', 'what', 'a', 'man', "'", 's', 'like', ',', 'take', 'a', 'good', 'look', 'at', 'how', 'he', 'treats', 'his', 'inferiors', ',', 'not', 'his', 'equals', '.']
['fame', "'", 's', 'a', 'fickle', 'friend', ',', 'harry', '.', ',', ',', ',', ',', ',', ',', ',', ',', ',', ',', ',', ',', ',', ',', ',', ',', ',', ',']
tensor([[12,  5, 15, 31,  0,  8,  0, 57, 53,  2, 18, 62,  4,  0, 36, 49, 56, 15,
         21,  1],
        [54, 18, 50, 23, 34, 58, 30, 27,  2,  5, 52,  7,  2,  5, 32,  1,  0,  0,
          0,  0]])
Length of sequences in the batch: 20
['it', 'is', 'our', 'choices', ',', 'harry', ',', 'that', 'show', 'what', 'we', 'truly', 'are', ',', 'far', 'more', 'than', 'our', 'abilities', '.']
['soon', 'we', 'must', 'all', 'face', 'the', 'choice', 'between', 'what', 'is', 'right', 'and', 'what', 'is', 'easy', '.', ',', ',', ',', ',']
tensor([[66, 29, 14, 13, 10, 22, 60,  7, 37,  1, 28, 51, 48,  4, 42, 11, 59, 39,
          2, 12, 64, 17, 26, 65,  1],
        [19,  4, 25, 20,  0,  0,  0,  0,  0,  0,  0,  0,  0,  0,  0,  0,  0,  0,
          0,  0,  0,  0,  0,  0,  0]])
Length of sequences in the batch: 25
['youth', 'can', 'not', 'know', 'how', 'age', 'thinks', 'and', 'feels', '.', 'but', 'old', 'men', 'are', 'guilty', 'if', 'they', 'forget', 'what', 'it', 'was', 'to', 'be', 'young', '.']
['you', 'are', 'awesome', '!', ',', ',', ',', ',', ',', ',', ',', ',', ',', ',', ',', ',', ',', ',', ',', ',', ',', ',', ',', ',', ',']
['if', 'fame']
['you', "'"]
['want', 's']
['to', 'a']
['know', 'fickle']
['what', 'friend']
['a', ',']
['man', 'harry']
["'", '.']
['s', ',']
['like', ',']
[',', ',']
['take', ',']
['a', ',']
['good', ',']
['look', ',']
['at', ',']
['how', ',']
['he', ',']
['treats', ',']
['his', ',']
['inferiors', ',']
[',', ',']
['not', ',']
['his', ',']
['equals', ',']
['.', ',']
['it', 'soon']
['is', 'we']
['our', 'must']
['choices', 'all']
[',', 'face']
['harry', 'the']
[',', 'choice']
['that', 'between']
['show', 'what']
['what', 'is']
['we', 'right']
['truly', 'and']
['are', 'what']
[',', 'is']
['far', 'easy']
['more', '.']
['than', ',']
['our', ',']
['abilities', ',']
['.', ',']
['youth', 'you']
['can', 'are']
['not', 'awesome']
['know', '!']
['how', ',']
['age', ',']
['thinks', ',']
['and', ',']
['feels', ',']
['.', ',']
['but', ',']
['old', ',']
['men', ',']
['are', ',']
['guilty', ',']
['if', ',']
['they', ',']
['forget', ',']
['what', ',']
['it', ',']
['was', ',']
['to', ',']
['be', ',']
['young', ',']
['.', ',']
PS C:\Desenvolvimento\Github-Nelson\ibm-nlp-dataloader> 

PS C:\Desenvolvimento\Github-Nelson\ibm-nlp-dataloader> python .\nlp-dataloader.py
0.17.2+cpu
tensor([[19,  4, 25, 20,  0,  0,  0,  0,  0,  0,  0,  0,  0,  0,  0,  0],
        [54, 18, 50, 23, 34, 58, 30, 27,  2,  5, 52,  7,  2,  5, 32,  1]])
shape of sample 2
tensor([[11, 19, 63, 17, 13,  2,  3, 47,  6, 16, 45,  0, 55,  3, 41, 46, 24, 10,
         43, 61,  9, 44,  0, 14,  9, 33,  1],
        [66, 29, 14, 13, 10, 22, 60,  7, 37,  1, 28, 51, 48,  4, 42, 11, 59, 39,
          2, 12, 64, 17, 26, 65,  1,  0,  0]])
shape of sample 2
tensor([[35,  6, 16,  3, 38, 40,  0,  8,  1,  0,  0,  0,  0,  0,  0,  0,  0,  0,
          0,  0],
        [12,  5, 15, 31,  0,  8,  0, 57, 53,  2, 18, 62,  4,  0, 36, 49, 56, 15,
         21,  1]])
shape of sample 2
PS C:\Desenvolvimento\Github-Nelson\ibm-nlp-dataloader> 

PS C:\Desenvolvimento\Github-Nelson\ibm-nlp-dataloader> python .\nlp-dataloader.py
0.17.2+cpu
tensor([[66, 29, 14, 13, 10, 22, 60,  7, 37,  1, 28, 51, 48,  4, 42, 11, 59, 39,
          2, 12, 64, 17, 26, 65,  1],
        [12,  5, 15, 31,  0,  8,  0, 57, 53,  2, 18, 62,  4,  0, 36, 49, 56, 15,
         21,  1,  0,  0,  0,  0,  0]])
tensor([[11, 19, 63, 17, 13,  2,  3, 47,  6, 16, 45,  0, 55,  3, 41, 46, 24, 10,
         43, 61,  9, 44,  0, 14,  9, 33,  1],
        [19,  4, 25, 20,  0,  0,  0,  0,  0,  0,  0,  0,  0,  0,  0,  0,  0,  0,
          0,  0,  0,  0,  0,  0,  0,  0,  0]])
tensor([[35,  6, 16,  3, 38, 40,  0,  8,  1,  0,  0,  0,  0,  0,  0,  0],
        [54, 18, 50, 23, 34, 58, 30, 27,  2,  5, 52,  7,  2,  5, 32,  1]])
tensor([[ 27,   2,   0],
        [ 26,  45,   2],
        [ 35,   8,   2],
        [ 25, 101,   2]])
tensor([[  1, 105,  41,   0],
        [  1,   3,  76,   0],
        [  1,   3,  82,   0],
        [ 11,   4,  74,   2]])
tensor([[ 28,   4,  10,   9,   0],
        [ 38,  10, 107,   9,   0],
        [ 12,  69,  51,  49,   0],
        [  1,  16, 103,  17,   0]])
tensor([[  1,   3,  14, 100,   0,   0],
        [ 37,   4,  19,  92,  95,   7],
        [ 33,  71, 122, 117,  52,   2],
        [ 32,  85,  42,  80,  87,   0]])
tensor([[ 30,  18,  19,  88,  21,   2,   0],
        [ 31,  43,   8,  15,  57,  73,   0],
        [ 36,  62,  90, 110,  60,  83,   0],
        [ 34, 112, 104, 106, 108,  56,   0]])
tensor([[ 11,   4, 111,  50,  68,   5,   9,   0],
        [  1, 113,  55,   6,  86,  53,  47,   0],
        [  1,   3,  98,   5, 116,  99,  66,   2],
        [120,  97,  75,   4,   6,  93,  20,   7]])
tensor([[  1,   3,  14,  20,  58,  44,   6,  72,   0,   0],
        [  1,  63,  40,  13,  89,  67,  13,  79,   0,   0],
        [  1,   3,  70,  46,  10,  81,  78,   5,  21,   0],
        [ 12, 119,  39,   8,   5,  84,  59,  54, 115,   0]])
tensor([[ 29,  24,  96, 109,  48,  61,  94,  18,   6, 118,  23,  65,   7],
        [  1,   3,  64,  22,  77,  16,  91,  17, 114, 121,  15, 102,   0]])
PS C:\Desenvolvimento\Github-Nelson\ibm-nlp-dataloader> 

